../Core/Src/coldflow.c:9:6:handleEnterColdFlowCommand	4	static
../Core/Src/coldflow.c:13:6:handleFuelN2Command	8	static
../Core/Src/coldflow.c:17:6:handleLoxN2Command	8	static
../Core/Src/coldflow.c:21:6:handleMainFuelCommand	8	static
../Core/Src/coldflow.c:25:6:handleMainOxCommand	8	static
../Core/Src/coldflow.c:29:6:handleFuelVentCommand	8	static
../Core/Src/coldflow.c:33:6:handleLoxVentCommand	8	static
../Core/Src/coldflow.c:37:6:handleFuelPurgeCommand	8	static
../Core/Src/coldflow.c:41:6:handleLoxPurgeCommand	8	static
../Core/Src/coldflow.c:45:6:handleToggleMainCommand	8	static
../Core/Src/coldflow.c:50:6:handleToggleN2Command	8	static
../Core/Src/coldflow.c:55:6:handleToggleVentsCommand	8	static
../Core/Src/coldflow.c:60:6:handleTogglePurgeCommand	8	static
../Core/Src/coldflow.c:65:6:handleCloseAllCommand	8	static
../Core/Src/coldflow.c:69:6:handleEnterHotfireCommand	8	static
